[    0.000000] Initializing cgroup subsys cpuset
[    0.000000] Initializing cgroup subsys cpu
[    0.000000] Initializing cgroup subsys cpuacct
[    0.000000] Linux version 4.4.0-210-generic (buildd@lgw01-amd64-009) (gcc version 5.4.0 20160609 (Ubuntu 5.4.0-6ubuntu1~16.04.12) ) #242-Ubuntu SMP Fri Apr 16 09:57:56 UTC 2021 (Ubuntu 4.4.0-210.242-generic 4.4.262)
[    0.000000] Command line: BOOT_IMAGE=/boot/vmlinuz-4.4.0-210-generic root=LABEL=cloudimg-rootfs ro console=tty1 console=ttyS0
[    0.000000] KERNEL supported cpus:
[    0.000000]   Intel GenuineIntel
[    0.000000]   AMD AuthenticAMD
[    0.000000]   Centaur CentaurHauls
[    0.000000] x86/fpu: xstate_offset[2]:  576, xstate_sizes[2]:  256
[    0.000000] x86/fpu: Supporting XSAVE feature 0x01: 'x87 floating point registers'
[    0.000000] x86/fpu: Supporting XSAVE feature 0x02: 'SSE registers'
[    0.000000] x86/fpu: Supporting XSAVE feature 0x04: 'AVX registers'
[    0.000000] x86/fpu: Enabled xstate features 0x7, context size is 832 bytes, using 'standard' format.
[    0.000000] e820: BIOS-provided physical RAM map:
[    0.000000] BIOS-e820: [mem 0x0000000000000000-0x000000000009fbff] usable
[    0.000000] BIOS-e820: [mem 0x000000000009fc00-0x000000000009ffff] reserved
[    0.000000] BIOS-e820: [mem 0x00000000000f0000-0x00000000000fffff] reserved
[    0.000000] BIOS-e820: [mem 0x0000000000100000-0x000000003ffeffff] usable
[    0.000000] BIOS-e820: [mem 0x000000003fff0000-0x000000003fffffff] ACPI data
[    0.000000] BIOS-e820: [mem 0x00000000fec00000-0x00000000fec00fff] reserved
[    0.000000] BIOS-e820: [mem 0x00000000fee00000-0x00000000fee00fff] reserved
[    0.000000] BIOS-e820: [mem 0x00000000fffc0000-0x00000000ffffffff] reserved
[    0.000000] NX (Execute Disable) protection: active
[    0.000000] SMBIOS 2.5 present.
[    0.000000] Hypervisor detected: KVM
[    0.000000] e820: last_pfn = 0x3fff0 max_arch_pfn = 0x400000000
[    0.000000] MTRR: Disabled
[    0.000000] x86/PAT: MTRRs disabled, skipping PAT initialization too.
[    0.000000] CPU MTRRs all blank - virtualized system.
[    0.000000] x86/PAT: Configuration [0-7]: WB  WT  UC- UC  WB  WT  UC- UC  
[    0.000000] found SMP MP-table at [mem 0x0009fff0-0x0009ffff] mapped at [ffff88000009fff0]
[    0.000000] Scanning 1 areas for low memory corruption
[    0.000000] RAMDISK: [mem 0x362dc000-0x37165fff]
[    0.000000] ACPI: Early table checksum verification disabled
[    0.000000] ACPI: RSDP 0x00000000000E0000 000024 (v02 VBOX  )
[    0.000000] ACPI: XSDT 0x000000003FFF0030 00003C (v01 VBOX   VBOXXSDT 00000001 ASL  00000061)
[    0.000000] ACPI: FACP 0x000000003FFF00F0 0000F4 (v04 VBOX   VBOXFACP 00000001 ASL  00000061)
[    0.000000] ACPI: DSDT 0x000000003FFF0470 002325 (v02 VBOX   VBOXBIOS 00000002 INTL 20200925)
[    0.000000] ACPI: FACS 0x000000003FFF0200 000040
[    0.000000] ACPI: FACS 0x000000003FFF0200 000040
[    0.000000] ACPI: APIC 0x000000003FFF0240 000054 (v02 VBOX   VBOXAPIC 00000001 ASL  00000061)
[    0.000000] ACPI: SSDT 0x000000003FFF02A0 0001CC (v01 VBOX   VBOXCPUT 00000002 INTL 20200925)
[    0.000000] No NUMA configuration found
[    0.000000] Faking a node at [mem 0x0000000000000000-0x000000003ffeffff]
[    0.000000] NODE_DATA(0) allocated [mem 0x3ffeb000-0x3ffeffff]
[    0.000000] kvm-clock: Using msrs 4b564d01 and 4b564d00
[    0.000000] kvm-clock: cpu 0, msr 0:3ffe3001, primary cpu clock
[    0.000000] kvm-clock: using sched offset of 3031311654 cycles
[    0.000000] clocksource: kvm-clock: mask: 0xffffffffffffffff max_cycles: 0x1cd42e4dffb, max_idle_ns: 881590591483 ns
[    0.000000] Zone ranges:
[    0.000000]   DMA      [mem 0x0000000000001000-0x0000000000ffffff]
[    0.000000]   DMA32    [mem 0x0000000001000000-0x000000003ffeffff]
[    0.000000]   Normal   empty
[    0.000000]   Device   empty
[    0.000000] Movable zone start for each node
[    0.000000] Early memory node ranges
[    0.000000]   node   0: [mem 0x0000000000001000-0x000000000009efff]
[    0.000000]   node   0: [mem 0x0000000000100000-0x000000003ffeffff]
[    0.000000] Initmem setup node 0 [mem 0x0000000000001000-0x000000003ffeffff]
[    0.000000] ACPI: PM-Timer IO Port: 0x4008
[    0.000000] IOAPIC[0]: apic_id 1, version 32, address 0xfec00000, GSI 0-23
[    0.000000] ACPI: INT_SRC_OVR (bus 0 bus_irq 0 global_irq 2 dfl dfl)
[    0.000000] ACPI: INT_SRC_OVR (bus 0 bus_irq 9 global_irq 9 low level)
[    0.000000] Using ACPI (MADT) for SMP configuration information
[    0.000000] smpboot: Allowing 1 CPUs, 0 hotplug CPUs
[    0.000000] PM: Registered nosave memory: [mem 0x00000000-0x00000fff]
[    0.000000] PM: Registered nosave memory: [mem 0x0009f000-0x0009ffff]
[    0.000000] PM: Registered nosave memory: [mem 0x000a0000-0x000effff]
[    0.000000] PM: Registered nosave memory: [mem 0x000f0000-0x000fffff]
[    0.000000] e820: [mem 0x40000000-0xfebfffff] available for PCI devices
[    0.000000] Booting paravirtualized kernel on KVM
[    0.000000] clocksource: refined-jiffies: mask: 0xffffffff max_cycles: 0xffffffff, max_idle_ns: 7645519600211568 ns
[    0.000000] setup_percpu: NR_CPUS:512 nr_cpumask_bits:512 nr_cpu_ids:1 nr_node_ids:1
[    0.000000] PERCPU: Embedded 33 pages/cpu @ffff88003fc00000 s95192 r8192 d31784 u2097152
[    0.000000] Built 1 zonelists in Node order, mobility grouping on.  Total pages: 257912
[    0.000000] Policy zone: DMA32
[    0.000000] Kernel command line: BOOT_IMAGE=/boot/vmlinuz-4.4.0-210-generic root=LABEL=cloudimg-rootfs ro console=tty1 console=ttyS0
[    0.000000] PID hash table entries: 4096 (order: 3, 32768 bytes)
[    0.000000] Memory: 997924K/1048120K available (8644K kernel code, 1332K rwdata, 4044K rodata, 1492K init, 1164K bss, 50196K reserved, 0K cma-reserved)
[    0.000000] SLUB: HWalign=64, Order=0-3, MinObjects=0, CPUs=1, Nodes=1
[    0.000000] Kernel/User page tables isolation: enabled
[    0.000000] Hierarchical RCU implementation.
[    0.000000] 	Build-time adjustment of leaf fanout to 64.
[    0.000000] 	RCU restricting CPUs from NR_CPUS=512 to nr_cpu_ids=1.
[    0.000000] RCU: Adjusting geometry for rcu_fanout_leaf=64, nr_cpu_ids=1
[    0.000000] NR_IRQS:33024 nr_irqs:256 16
[    0.000000] Console: colour VGA+ 80x25
[    0.000000] console [tty1] enabled
[    0.000000] console [ttyS0] enabled
[    0.000000] tsc: Detected 3591.680 MHz processor
[    0.109995] Calibrating delay loop (skipped) preset value.. 7183.36 BogoMIPS (lpj=14366720)
[    0.111589] pid_max: default: 32768 minimum: 301
[    0.112381] ACPI: Core revision 20150930
[    0.113753] ACPI: 2 ACPI AML tables successfully acquired and loaded
[    0.114950] Security Framework initialized
[    0.115698] Yama: becoming mindful.
[    0.116349] AppArmor: AppArmor initialized
[    0.117162] Dentry cache hash table entries: 131072 (order: 8, 1048576 bytes)
[    0.119276] Inode-cache hash table entries: 65536 (order: 7, 524288 bytes)
[    0.120514] Mount-cache hash table entries: 2048 (order: 2, 16384 bytes)
[    0.121559] Mountpoint-cache hash table entries: 2048 (order: 2, 16384 bytes)
[    0.122795] Initializing cgroup subsys io
[    0.123535] Initializing cgroup subsys memory
[    0.124322] Initializing cgroup subsys devices
[    0.125196] Initializing cgroup subsys freezer
[    0.125968] Initializing cgroup subsys net_cls
[    0.126757] Initializing cgroup subsys perf_event
[    0.127642] Initializing cgroup subsys net_prio
[    0.128533] Initializing cgroup subsys hugetlb
[    0.129544] Initializing cgroup subsys pids
[    0.136375] mce: CPU supports 0 MCE banks
[    0.137127] process: using mwait in idle threads
[    0.138124] Last level iTLB entries: 4KB 1024, 2MB 1024, 4MB 1024
[    0.139165] Last level dTLB entries: 4KB 1024, 2MB 1024, 4MB 1024, 1GB 4
[    0.140267] Spectre V1 : Mitigation: usercopy/swapgs barriers and __user pointer sanitization
[    0.141690] Spectre V2 : Mitigation: Full generic retpoline
[    0.142657] Spectre V2 : Spectre v2 / SpectreRSB mitigation: Filling RSB on context switch
[    0.144082] Speculative Store Bypass: Vulnerable
[    0.144858] SRBDS: Unknown: Dependent on hypervisor status
[    0.145913] MDS: Mitigation: Clear CPU buffers
[    0.166998] Freeing SMP alternatives memory: 36K
[    0.172330] ftrace: allocating 32380 entries in 127 pages
[    0.218446] smpboot: APIC(0) Converting physical 0 to logical package 0
[    0.219799] smpboot: Max logical packages: 1
[    0.220712] x2apic enabled
[    0.221432] Switched APIC routing to physical x2apic.
[    0.223102] ..TIMER: vector=0x30 apic1=0 pin1=2 apic2=-1 pin2=-1
[    0.332231] smpboot: CPU0: Intel(R) Core(TM) i7-4790 CPU @ 3.60GHz (family: 0x6, model: 0x3c, stepping: 0x3)
[    0.334057] Performance Events: unsupported p6 CPU model 60 no PMU driver, software events only.
[    0.344210] KVM setup paravirtual spinlock
[    0.345428] x86: Booted up 1 node, 1 CPUs
[    0.346145] smpboot: Total of 1 processors activated (7183.36 BogoMIPS)
[    0.347438] devtmpfs: initialized
[    0.349077] evm: security.selinux
[    0.349742] evm: security.SMACK64
[    0.350372] evm: security.SMACK64EXEC
[    0.351121] evm: security.SMACK64TRANSMUTE
[    0.351963] evm: security.SMACK64MMAP
[    0.352647] evm: security.ima
[    0.353247] evm: security.capability
[    0.354076] clocksource: jiffies: mask: 0xffffffff max_cycles: 0xffffffff, max_idle_ns: 7645041785100000 ns
[    0.355748] futex hash table entries: 256 (order: 2, 16384 bytes)
[    0.356838] pinctrl core: initialized pinctrl subsystem
[    0.357832] RTC time: 10:45:47, date: 09/15/23
[    0.358791] NET: Registered protocol family 16
[    0.359632] cpuidle: using governor ladder
[    0.360307] cpuidle: using governor menu
[    0.360954] PCCT header not found.
[    0.361681] ACPI: bus type PCI registered
[    0.362364] acpiphp: ACPI Hot Plug PCI Controller Driver version: 0.5
[    0.363520] PCI: Using configuration type 1 for base access
[    0.365263] ACPI: Added _OSI(Module Device)
[    0.365979] ACPI: Added _OSI(Processor Device)
[    0.366846] ACPI: Added _OSI(3.0 _SCP Extensions)
[    0.367640] ACPI: Added _OSI(Processor Aggregator Device)
[    0.368994] ACPI: Executed 1 blocks of module-level executable AML code
[    0.371437] ACPI: Interpreter enabled
[    0.372134] ACPI: (supports S0 S5)
[    0.372729] ACPI: Using IOAPIC for interrupt routing
[    0.373658] PCI: Using host bridge windows from ACPI; if necessary, use "pci=nocrs" and report a bug
[    0.377754] ACPI: PCI Root Bridge [PCI0] (domain 0000 [bus 00-ff])
[    0.378838] acpi PNP0A03:00: _OSC: OS supports [ASPM ClockPM Segments MSI]
[    0.380087] acpi PNP0A03:00: _OSC: not requesting OS control; OS requires [ExtendedConfig ASPM ClockPM MSI]
[    0.381720] acpi PNP0A03:00: fail to add MMCONFIG information, can't access extended PCI configuration space under this bridge.
[    0.383901] PCI host bridge to bus 0000:00
[    0.384527] pci_bus 0000:00: root bus resource [io  0x0000-0x0cf7 window]
[    0.385391] pci_bus 0000:00: root bus resource [io  0x0d00-0xffff window]
[    0.386400] pci_bus 0000:00: root bus resource [mem 0x000a0000-0x000bffff window]
[    0.387511] pci_bus 0000:00: root bus resource [mem 0x40000000-0xfdffffff window]
[    0.388610] pci_bus 0000:00: root bus resource [bus 00-ff]
[    0.390517] pci 0000:00:01.1: legacy IDE quirk: reg 0x10: [io  0x01f0-0x01f7]
[    0.391431] pci 0000:00:01.1: legacy IDE quirk: reg 0x14: [io  0x03f6]
[    0.392380] pci 0000:00:01.1: legacy IDE quirk: reg 0x18: [io  0x0170-0x0177]
[    0.393311] pci 0000:00:01.1: legacy IDE quirk: reg 0x1c: [io  0x0376]
[    0.408835] pci 0000:00:07.0: quirk: [io  0x4000-0x403f] claimed by PIIX4 ACPI
[    0.410310] pci 0000:00:07.0: quirk: [io  0x4100-0x410f] claimed by PIIX4 SMB
[    0.416394] ACPI: PCI Interrupt Link [LNKA] (IRQs 5 9 10 *11)
[    0.418148] ACPI: PCI Interrupt Link [LNKB] (IRQs 5 9 *10 11)
[    0.419654] ACPI: PCI Interrupt Link [LNKC] (IRQs 5 *9 10 11)
[    0.421109] ACPI: PCI Interrupt Link [LNKD] (IRQs 5 9 10 *11)
[    0.422618] ACPI: Enabled 2 GPEs in block 00 to 07
[    0.423760] vgaarb: setting as boot device: PCI:0000:00:02.0
[    0.424696] vgaarb: device added: PCI:0000:00:02.0,decodes=io+mem,owns=io+mem,locks=none
[    0.426099] vgaarb: loaded
[    0.426738] vgaarb: bridge control possible 0000:00:02.0
[    0.427782] SCSI subsystem initialized
[    0.428606] ACPI: bus type USB registered
[    0.429440] usbcore: registered new interface driver usbfs
[    0.430356] usbcore: registered new interface driver hub
[    0.431376] usbcore: registered new device driver usb
[    0.432327] PCI: Using ACPI for IRQ routing
[    0.433347] NetLabel: Initializing
[    0.434081] NetLabel:  domain hash size = 128
[    0.434873] NetLabel:  protocols = UNLABELED CIPSOv4
[    0.435818] NetLabel:  unlabeled traffic allowed by default
[    0.436743] amd_nb: Cannot enumerate AMD northbridges
[    0.437606] clocksource: Switched to clocksource kvm-clock
[    0.443351] AppArmor: AppArmor Filesystem Enabled
[    0.444409] pnp: PnP ACPI init
[    0.445686] pnp: PnP ACPI: found 3 devices
[    0.452381] clocksource: acpi_pm: mask: 0xffffff max_cycles: 0xffffff, max_idle_ns: 2085701024 ns
[    0.454001] NET: Registered protocol family 2
[    0.454921] TCP established hash table entries: 8192 (order: 4, 65536 bytes)
[    0.456052] TCP bind hash table entries: 8192 (order: 5, 131072 bytes)
[    0.457185] TCP: Hash tables configured (established 8192 bind 8192)
[    0.458256] UDP hash table entries: 512 (order: 2, 16384 bytes)
[    0.459237] UDP-Lite hash table entries: 512 (order: 2, 16384 bytes)
[    0.460306] NET: Registered protocol family 1
[    0.461082] pci 0000:00:00.0: Limiting direct PCI/PCI transfers
[    0.462050] pci 0000:00:01.0: Activating ISA DMA hang workarounds
[    0.463130] Unpacking initramfs...
[    0.618595] Freeing initrd memory: 14888K
[    0.619581] RAPL PMU detected, API unit is 2^-32 Joules, 4 fixed counters 10737418240 ms ovfl timer
[    0.621100] hw unit of domain pp0-core 2^-0 Joules
[    0.621984] hw unit of domain package 2^-0 Joules
[    0.622871] hw unit of domain dram 2^-0 Joules
[    0.623644] hw unit of domain pp1-gpu 2^-0 Joules
[    0.624505] clocksource: tsc: mask: 0xffffffffffffffff max_cycles: 0x33c5a00cda5, max_idle_ns: 440795322483 ns
[    0.626166] platform rtc_cmos: registered platform RTC device (no PNP device found)
[    0.627557] Scanning for low memory corruption every 60 seconds
[    0.628751] audit: initializing netlink subsys (disabled)
[    0.629799] audit: type=2000 audit(1694774752.360:1): initialized
[    0.631183] Initialise system trusted keyring
[    0.632076] HugeTLB registered 2 MB page size, pre-allocated 0 pages
[    0.634153] zbud: loaded
[    0.634982] VFS: Disk quotas dquot_6.6.0
[    0.635772] VFS: Dquot-cache hash table entries: 512 (order 0, 4096 bytes)
[    0.637032] squashfs: version 4.0 (2009/01/31) Phillip Lougher
[    0.638240] fuse init (API version 7.23)
[    0.639141] Key type big_key registered
[    0.639883] Allocating IMA MOK and blacklist keyrings.
[    0.640927] Key type asymmetric registered
[    0.641684] Asymmetric key parser 'x509' registered
[    0.642713] Block layer SCSI generic (bsg) driver version 0.4 loaded (major 249)
[    0.644056] io scheduler noop registered
[    0.644799] io scheduler deadline registered (default)
[    0.645689] io scheduler cfq registered
[    0.646527] pci_hotplug: PCI Hot Plug PCI Core version: 0.5
[    0.647497] pciehp: PCI Express Hot Plug Controller Driver version: 0.4
[    0.648687] ACPI: AC Adapter [AC] (on-line)
[    0.649472] input: Power Button as /devices/LNXSYSTM:00/LNXPWRBN:00/input/input0
[    0.650846] ACPI: Power Button [PWRF]
[    0.651579] input: Sleep Button as /devices/LNXSYSTM:00/LNXSLPBN:00/input/input1
[    0.652898] ACPI: Sleep Button [SLPF]
[    0.653714] GHES: HEST is not enabled!
[    0.654552] Serial: 8250/16550 driver, 32 ports, IRQ sharing enabled
[    0.675908] 00:02: ttyS0 at I/O 0x3f8 (irq = 4, base_baud = 115200) is a 16550A
[    0.678484] Linux agpgart interface v0.103
[    0.680484] loop: module loaded
[    0.681500] scsi host0: ata_piix
[    0.682116] scsi host1: ata_piix
[    0.682694] ata1: PATA max UDMA/33 cmd 0x1f0 ctl 0x3f6 bmdma 0xd000 irq 14
[    0.683571] ata2: PATA max UDMA/33 cmd 0x170 ctl 0x376 bmdma 0xd008 irq 15
[    0.684645] libphy: Fixed MDIO Bus: probed
[    0.685347] tun: Universal TUN/TAP device driver, 1.6
[    0.686072] tun: (C) 1999-2004 Max Krasnyansky <maxk@qualcomm.com>
[    0.686930] PPP generic driver version 2.4.2
[    0.687589] ehci_hcd: USB 2.0 'Enhanced' Host Controller (EHCI) Driver
[    0.688443] ehci-pci: EHCI PCI platform driver
[    0.689167] ehci-platform: EHCI generic platform driver
[    0.690068] ohci_hcd: USB 1.1 'Open' Host Controller (OHCI) Driver
[    0.690887] ohci-pci: OHCI PCI platform driver
[    0.691544] ohci-platform: OHCI generic platform driver
[    0.692278] uhci_hcd: USB Universal Host Controller Interface driver
[    0.693153] i8042: PNP: PS/2 Controller [PNP0303:PS2K,PNP0f03:PS2M] at 0x60,0x64 irq 1,12
[    0.694670] serio: i8042 KBD port at 0x60,0x64 irq 1
[    0.695388] serio: i8042 AUX port at 0x60,0x64 irq 12
[    0.696173] mousedev: PS/2 mouse device common for all mice
[    0.697110] input: AT Translated Set 2 keyboard as /devices/platform/i8042/serio0/input/input2
[    0.698687] rtc_cmos rtc_cmos: rtc core: registered rtc_cmos as rtc0
[    0.699563] rtc_cmos rtc_cmos: alarms up to one day, 114 bytes nvram
[    0.700439] i2c /dev entries driver
[    0.701020] device-mapper: uevent: version 1.0.3
[    0.701727] device-mapper: ioctl: 4.34.0-ioctl (2015-10-28) initialised: dm-devel@redhat.com
[    0.702982] ledtrig-cpu: registered to indicate activity on CPUs
[    0.704038] NET: Registered protocol family 10
[    0.704920] NET: Registered protocol family 17
[    0.705689] Key type dns_resolver registered
[    0.706596] registered taskstats version 1
[    0.707307] Loading compiled-in X.509 certificates
[    0.708561] Loaded X.509 cert 'Build time autogenerated kernel key: cf00e047681d67edb2720680708b7d9498083038'
[    0.710022] zswap: loaded using pool lzo/zbud
[    0.712038] Key type trusted registered
[    0.714689] Key type encrypted registered
[    0.715371] AppArmor: AppArmor sha1 policy hashing enabled
[    0.716122] ima: No TPM chip found, activating TPM-bypass!
[    0.716889] ima: Allocated hash algorithm: sha1
[    0.717593] evm: HMAC attrs: 0x1
[    0.718321]   Magic number: 7:441:780
[    0.718942] rtc_cmos rtc_cmos: setting system clock to 2023-09-15 10:45:47 UTC (1694774747)
[    0.720207] BIOS EDD facility v0.16 2004-Jun-25, 0 devices found
[    0.721003] EDD information not available.
[    0.861088] Freeing unused kernel memory: 1492K
[    0.861867] Write protecting the kernel read-only data: 14336k
[    0.862957] Freeing unused kernel memory: 1584K
[    0.863724] Freeing unused kernel memory: 52K
Loading, please wait...
starting version 229
[    0.872934] random: udevadm: uninitialized urandom read (16 bytes read, 2 bits of entropy available)
[    0.874668] random: systemd-udevd: uninitialized urandom read (16 bytes read, 2 bits of entropy available)
[    0.876016] random: systemd-udevd: uninitialized urandom read (16 bytes read, 2 bits of entropy available)
[    0.877322] random: systemd-udevd: uninitialized urandom read (16 bytes read, 2 bits of entropy available)
[    0.878689] random: udevadm: uninitialized urandom read (16 bytes read, 2 bits of entropy available)
[    0.882163] random: systemd-udevd: uninitialized urandom read (16 bytes read, 2 bits of entropy available)
[    0.885750] random: systemd-udevd: uninitialized urandom read (16 bytes read, 2 bits of entropy available)
[    0.887313] random: systemd-udevd: uninitialized urandom read (16 bytes read, 2 bits of entropy available)
[    0.888879] random: systemd-udevd: uninitialized urandom read (16 bytes read, 2 bits of entropy available)
[    0.891765] random: systemd-udevd: uninitialized urandom read (16 bytes read, 2 bits of entropy available)
[    0.950760] e1000: Intel(R) PRO/1000 Network Driver - version 7.3.21-k8-NAPI
[    0.951905] e1000: Copyright (c) 1999-2006 Intel Corporation.
[    0.956970] Fusion MPT base driver 3.04.20
[    0.957705] Copyright (c) 1999-2008 LSI Corporation
[    0.967543] Fusion MPT SPI Host driver 3.04.20
[    0.996658] AVX2 version of gcm_enc/dec engaged.
[    0.997424] AES CTR mode by8 optimization enabled
[    1.174098] input: ImExPS/2 Generic Explorer Mouse as /devices/platform/i8042/serio1/input/input4
[    1.312650] e1000 0000:00:03.0 eth0: (PCI:33MHz:32-bit) 02:be:82:6b:cc:1d
[    1.313696] e1000 0000:00:03.0 eth0: Intel(R) PRO/1000 Network Connection
[    1.315275] mptbase: ioc0: Initiating bringup
[    1.377783] ioc0: LSI53C1030 A0: Capabilities={Initiator}
[    1.538344] scsi host2: ioc0: LSI53C1030 A0, FwRev=00000000h, Ports=1, MaxQ=256, IRQ=20
[    1.650786] scsi 2:0:0:0: Direct-Access     VBOX     HARDDISK         1.0  PQ: 0 ANSI: 5
[    1.652158] scsi target2:0:0: Beginning Domain Validation
[    1.653595] scsi target2:0:0: Domain Validation skipping write tests
[    1.654589] scsi target2:0:0: Ending Domain Validation
[    1.655448] scsi target2:0:0: asynchronous
[    1.656424] scsi 2:0:1:0: Direct-Access     VBOX     HARDDISK         1.0  PQ: 0 ANSI: 5
[    1.664403] scsi target2:0:1: Beginning Domain Validation
[    1.666121] scsi target2:0:1: Domain Validation skipping write tests
[    1.667185] scsi target2:0:1: Ending Domain Validation
[    1.668065] scsi target2:0:1: asynchronous
[    1.671431] sd 2:0:0:0: Attached scsi generic sg0 type 0
[    1.672405] sd 2:0:0:0: [sda] 83886080 512-byte logical blocks: (42.9 GB/40.0 GiB)
[    1.674157] sd 2:0:1:0: [sdb] 20480 512-byte logical blocks: (10.5 MB/10.0 MiB)
[    1.675626] sd 2:0:1:0: Attached scsi generic sg1 type 0
[    1.676807] sd 2:0:0:0: [sda] Write Protect is off
[    1.677737] sd 2:0:1:0: [sdb] Write Protect is off
[    1.682734] sd 2:0:0:0: [sda] Incomplete mode parameter data
[    1.683534] sd 2:0:0:0: [sda] Assuming drive cache: write through
[    1.684364] sd 2:0:1:0: [sdb] Incomplete mode parameter data
[    1.685329] sd 2:0:1:0: [sdb] Assuming drive cache: write through
[    1.690973]  sda: sda1
[    1.691802] sd 2:0:0:0: [sda] Attached SCSI disk
[    1.692827] sd 2:0:1:0: [sdb] Attached SCSI disk
[    1.996549] e1000 0000:00:08.0 eth1: (PCI:33MHz:32-bit) 08:00:27:26:f7:83
[    1.997711] e1000 0000:00:08.0 eth1: Intel(R) PRO/1000 Network Connection
[    1.999790] e1000 0000:00:08.0 enp0s8: renamed from eth1
[    2.002115] e1000 0000:00:03.0 enp0s3: renamed from eth0
Begin: Loading essential drivers ... [    3.226943] md: linear personality registered for level -1
[    3.230681] md: multipath personality registered for level -4
[    3.234801] md: raid0 personality registered for level 0
[    3.239036] md: raid1 personality registered for level 1
[    3.330783] raid6: sse2x1   gen() 13289 MB/s
[    3.416801] raid6: sse2x1   xor()  9953 MB/s
[    3.497971] raid6: sse2x2   gen() 12224 MB/s
[    3.579703] raid6: sse2x2   xor() 10164 MB/s
[    3.661664] raid6: sse2x4   gen() 17403 MB/s
[    3.744004] raid6: sse2x4   xor() 12120 MB/s
[    3.826065] raid6: avx2x1   gen() 23242 MB/s
[    3.917574] raid6: avx2x2   gen() 30855 MB/s
[    4.000969] raid6: avx2x4   gen() 30579 MB/s
[    4.001779] raid6: using algorithm avx2x2 gen() 30855 MB/s
[    4.002721] raid6: using avx2x2 recovery algorithm
[    4.005544] xor: automatically using best checksumming function:
[    4.168386]    avx       : 125678.000 MB/sec
[    4.171323] async_tx: api initialized (async)
[    4.186229] md: raid6 personality registered for level 6
[    4.187252] md: raid5 personality registered for level 5
[    4.188157] md: raid4 personality registered for level 4
[    4.194214] md: raid10 personality registered for level 10
done.
Begin: Running /scripts/init-premount ... done.
Begin: Mounting root file system ... Begin: Running /scripts/local-top ... done.
Begin: Running /scripts/local-premount ... [    4.223994] Btrfs loaded
Scanning for Btrfs filesystems
done.
Warning: fsck not present, so skipping root file system
[    4.246233] EXT4-fs (sda1): mounted filesystem with ordered data mode. Opts: (null)
done.
Begin: Running /scripts/local-bottom ... done.
Begin: Running /scripts/init-bottom ... done.
[    4.313936] systemd[1]: systemd 229 running in system mode. (+PAM +AUDIT +SELINUX +IMA +APPARMOR +SMACK +SYSVINIT +UTMP +LIBCRYPTSETUP +GCRYPT +GNUTLS +ACL +XZ -LZ4 +SECCOMP +BLKID +ELFUTILS +KMOD -IDN)
[    4.316294] systemd[1]: Detected virtualization oracle.
[    4.317076] systemd[1]: Detected architecture x86-64.

Welcome to [1mUbuntu 16.04.7 LTS[0m!

[    4.319425] systemd[1]: Set hostname to <ubuntu>.
[    4.321384] systemd[1]: Initializing machine ID from random generator.
[    4.322340] systemd[1]: Installed transient /etc/machine-id file.
[    4.417982] systemd[1]: Reached target Encrypted Volumes.
[[0;32m  OK  [0m] Reached target Encrypted Volumes.
[    4.420401] systemd[1]: Listening on LVM2 poll daemon socket.
[[0;32m  OK  [0m] Listening on LVM2 poll daemon socket.
[    4.422567] systemd[1]: Listening on Journal Audit Socket.
[[0;32m  OK  [0m] Listening on Journal Audit Socket.
[    4.424584] systemd[1]: Listening on /dev/initctl Compatibility Named Pipe.
[[0;32m  OK  [0m] Listening on /dev/initctl Compatibility Named Pipe.
[    4.427046] systemd[1]: Reached target User and Group Name Lookups.
[[0;32m  OK  [0m] Reached target User and Group Name Lookups.
[    4.429536] systemd[1]: Created slice System Slice.
[[0;32m  OK  [0m] Created slice System Slice.
[    4.431276] systemd[1]: Created slice system-serial\x2dgetty.slice.
[[0;32m  OK  [0m] Created slice system-serial\x2dgetty.slice.
[    4.432824] systemd[1]: Started Forward Password Requests to Wall Directory Watch.
[[0;32m  OK  [0m] Started Forward Password Requests to Wall Directory Watch.
[    4.435011] systemd[1]: Listening on LVM2 metadata daemon socket.
[[0;32m  OK  [0m] Listening on LVM2 metadata daemon socket.
[    4.436615] systemd[1]: Listening on Journal Socket.
[[0;32m  OK  [0m] Listening on Journal Socket.
[    4.438440] systemd[1]: Mounting POSIX Message Queue File System...
         Mounting POSIX Message Queue File System...
[    4.440306] systemd[1]: Starting Set console keymap...
         Starting Set console keymap...
[    4.462788] systemd[1]: Mounting Debug File System...
         Mounting Debug File System...
[    4.464156] systemd[1]: Listening on udev Control Socket.
[[0;32m  OK  [0m] Listening on udev Control Socket.
[    4.466263] systemd[1]: Started Trigger resolvconf update for networkd DNS.
[[0;32m  OK  [0m] Started Trigger resolvconf update for networkd DNS.
[    4.468972] systemd[1]: Mounting Huge Pages File System...
         Mounting Huge Pages File System...
[    4.471379] systemd[1]: Starting Create list of required static device nodes for the current kernel...
         Starting Create list of required st... nodes for the current kernel...
[    4.481361] systemd[1]: Starting Uncomplicated firewall...
         Starting Uncomplicated firewall...
[    4.483764] systemd[1]: Reached target System Time Synchronized.
[[0;32m  OK  [0m] Reached target System Time Synchronized.
[    4.487497] systemd[1]: Starting Nameserver information manager...
         Starting Nameserver information manager...
[    4.490685] systemd[1]: Listening on udev Kernel Socket.
[[0;32m  OK  [0m] Listening on udev Kernel Socket.
[    4.492378] systemd[1]: Listening on Device-mapper event daemon FIFOs.
[[0;32m  OK  [0m] Listening on Device-mapper event daemon FIFOs.
[    4.495160] systemd[1]: Starting Monitoring of LVM2 mirrors, snapshots etc. using dmeventd or progress polling...
         Starting Monitoring of LVM2 mirrors... dmeventd or progress polling...
[    4.497879] systemd[1]: Listening on Journal Socket (/dev/log).
[[0;32m  OK  [0m] Listening on Journal Socket (/dev/log).
[    4.500027] systemd[1]: Listening on Syslog Socket.
[[0;32m  OK  [0m] Listening on Syslog Socket.
[    4.502420] systemd[1]: Starting Journal Service...
         Starting Journal Service...
[    4.509810] systemd[1]: Listening on fsck to fsckd communication Socket.
[[0;32m  OK  [0m] Listening on fsck to fsckd communication Socket.
[    4.523227] systemd[1]: Starting File System Check on Root Device...
         Starting File System Check on Root Device...
[    4.525012] systemd[1]: Reached target Swap.
[[0;32m  OK  [0m] Reached target Swap.
[    4.527236] systemd[1]: Set up automount Arbitrary Executable File Formats File System Automount Point.
[[0;32m  OK  [0m] Set up automount Arbitrary Executab...ats File System Automount Point.
[    4.533712] systemd[1]: Created slice User and Session Slice.
[[0;32m  OK  [0m] Created slice User and Session Slice.
[    4.535882] systemd[1]: Reached target Slices.
[[0;32m  OK  [0m] Reached target Slices.
[    4.539772] systemd[1]: Starting Load Kernel Modules...
         Starting Load Kernel Modules...
[    4.544230] systemd[1]: Mounted Huge Pages File System.
[[0;32m  OK  [0m] Mounted Huge Pages File System.
[    4.546147] systemd[1]: Mounted POSIX Message Queue File System.
[[0;32m  OK  [0m] Mounted POSIX Message Queue File System.
[    4.550953] systemd[1]: Mounted Debug File System.
[    4.555065] Loading iSCSI transport class v2.0-870.
[[0;32m  OK  [0m] Mounted Debug File System.
[    4.557064] systemd[1]: Started Journal Service.
[[0;32m  OK  [0m] Started Journal Service.
[    4.563474] iscsi: registered transport (tcp)
[[0;32m  OK  [0m] Started Set console keymap.
[[0;32m  OK  [0m] Started Create list of required sta...ce nodes for the current kernel.
[[0;32m  OK  [0m] Started Uncomplicated firewall.
[[0;32m  OK  [0m] Started File System Check on Root Device.
[[0;32m  OK  [0m] Started Nameserver information manager.
[[0;32m  OK  [0m] Started File System Check Daemon to report status.
[[0;32m  OK  [0m] Started LVM2 metadata daemon.
         Starting Remount Root and Kernel File Systems...
         Starting Create Static Device Nodes in /dev...
[    4.603151] EXT4-fs (sda1): re-mounted. Opts: (null)
[[0;32m  OK  [0m] Started Remount Root and Kernel File Systems.
         Starting udev Coldplug all Devices...
         Starting Load/Save Random Seed...
         Starting Flush Journal to Persistent Storage...
[[0;32m  OK  [0m] Started Load/Save Random Seed.
[    4.621417] systemd-journald[385]: Received request to flush runtime journal from PID 1
[[0;32m  OK  [0m] Started Flush Journal to Persistent Storage.
[[0;32m  OK  [0m] Started Create Static Device Nodes in /dev.
         Starting udev Kernel Device Manager...
[    4.661089] iscsi: registered transport (iser)
[[0;32m  OK  [0m] Started Load Kernel Modules.
         Mounting FUSE Control File System...
         Starting Apply Kernel Variables...
[[0;32m  OK  [0m] Mounted FUSE Control File System.
[[0;32m  OK  [0m] Started udev Kernel Device Manager.
[[0;32m  OK  [0m] Started Apply Kernel Variables.
[[0;32m  OK  [0m] Started udev Coldplug all Devices.
[[0;32m  OK  [0m] Started Dispatch Password Requests to Console Directory Watch.
[[0;32m  OK  [0m] Found device /dev/ttyS0.
[[0;32m  OK  [0m] Started Monitoring of LVM2 mirrors,...ng dmeventd or progress polling.
[[0;32m  OK  [0m] Reached target Local File Systems (Pre).
[[0;32m  OK  [0m] Reached target Local File Systems.
         Starting Commit a transient machine-id on disk...
         Starting Tell Plymouth To Write Out Runtime Data...
         Starting Create Volatile Files and Directories...
         Starting Set console font and keymap...
         Starting Initial cloud-init job (pre-networking)...
         Starting LSB: AppArmor initialization...
[[0;32m  OK  [0m] Started Commit a transient machine-id on disk.
[[0;32m  OK  [0m] Started Create Volatile Files and Directories.
         Starting Update UTMP about System Boot/Shutdown...
[[0;32m  OK  [0m] Started Tell Plymouth To Write Out Runtime Data.
[[0;32m  OK  [0m] Started Update UTMP about System Boot/Shutdown.
[[0;32m  OK  [0m] Listening on Load/Save RF Kill Switch Status /dev/rfkill Watch.
[[0;32m  OK  [0m] Started Set console font and keymap.
[[0;32m  OK  [0m] Created slice system-getty.slice.
[    6.489321] cloud-init[529]: Cloud-init v. 21.1-19-gbad84ad4-0ubuntu1~16.04.2 running 'init-local' at Fri, 15 Sep 2023 10:45:52 +0000. Up 5.89 seconds.
[[0;32m  OK  [0m] Started Initial cloud-init job (pre-networking).
[[0;32m  OK  [0m] Reached target Network (Pre).
[[0;32m  OK  [0m] Started LSB: AppArmor initialization.
         Starting Raise network interfaces...
         Starting Load AppArmor profiles managed internally by snapd...
[[0;32m  OK  [0m] Started Load AppArmor profiles managed internally by snapd.
[[0;32m  OK  [0m] Started Raise network interfaces.
[[0;32m  OK  [0m] Reached target Network.
         Starting Initial cloud-init job (metadata service crawler)...
[   10.707287] cloud-init[960]: Cloud-init v. 21.1-19-gbad84ad4-0ubuntu1~16.04.2 running 'init' at Fri, 15 Sep 2023 10:45:57 +0000. Up 10.30 seconds.
[   10.708602] cloud-init[960]: ci-info: ++++++++++++++++++++++++++++++++++++++Net device info+++++++++++++++++++++++++++++++++++++++
[   10.709745] cloud-init[960]: ci-info: +--------+-------+----------------------------+---------------+--------+-------------------+
[   10.712178] cloud-init[960]: ci-info: | Device |   Up  |          Address           |      Mask     | Scope  |     Hw-Address    |
[   10.716251] cloud-init[960]: ci-info: +--------+-------+----------------------------+---------------+--------+-------------------+
[   10.717451] cloud-init[960]: ci-info: | enp0s3 |  True |         10.0.2.15          | 255.255.255.0 | global | 02:be:82:6b:cc:1d |
[   10.718682] cloud-init[960]: ci-info: | enp0s3 |  True | fe80::be:82ff:fe6b:cc1d/64 |       .       |  link  | 02:be:82:6b:cc:1d |
[   10.736185] cloud-init[960]: ci-info: | enp0s8 | False |             .              |       .       |   .    | 08:00:27:26:f7:83 |
[   10.737380] cloud-init[960]: ci-info: |   lo   |  True |         127.0.0.1          |   255.0.0.0   |  host  |         .         |
[   10.738446] cloud-init[960]: ci-info: |   lo   |  True |          ::1/128           |       .       |  host  |         .         |
[   10.739524] cloud-init[960]: ci-info: +--------+-------+----------------------------+---------------+--------+-------------------+
[   10.740652] cloud-init[960]: ci-info: +++++++++++++++++++++++++++Route IPv4 info++++++++++++++++++++++++++++
[   10.741733] cloud-init[960]: ci-info: +-------+-------------+----------+---------------+-----------+-------+
[   10.742679] cloud-init[960]: ci-info: | Route | Destination | Gateway  |    Genmask    | Interface | Flags |
[   10.743683] cloud-init[960]: ci-info: +-------+-------------+----------+---------------+-----------+-------+
[   10.744698] cloud-init[960]: ci-info: |   0   |   0.0.0.0   | 10.0.2.2 |    0.0.0.0    |   enp0s3  |   UG  |
[   10.745637] cloud-init[960]: ci-info: |   1   |   10.0.2.0  | 0.0.0.0  | 255.255.255.0 |   enp0s3  |   U   |
[   10.746583] cloud-init[960]: ci-info: +-------+-------------+----------+---------------+-----------+-------+
[   10.747493] cloud-init[960]: ci-info: +++++++++++++++++++Route IPv6 info+++++++++++++++++++
[   10.748448] cloud-init[960]: ci-info: +-------+-------------+---------+-----------+-------+
[   10.749359] cloud-init[960]: ci-info: | Route | Destination | Gateway | Interface | Flags |
[   10.750245] cloud-init[960]: ci-info: +-------+-------------+---------+-----------+-------+
[   10.751101] cloud-init[960]: ci-info: |   0   |  fe80::/64  |    ::   |   enp0s3  |   U   |
[   10.763523] cloud-init[960]: ci-info: |   4   |   ff00::/8  |    ::   |   enp0s3  |   U   |
[   10.764469] cloud-init[960]: ci-info: +-------+-------------+---------+-----------+-------+
[   10.765842] cloud-init[960]: Generating public/private rsa key pair.
[   10.767192] cloud-init[960]: Your identification has been saved in /etc/ssh/ssh_host_rsa_key.
[[0;32m  OK  [0m] Started Initial cloud-init job (metadata service crawler).
[[0;32m  OK  [0m] Reached target System Initialization.
         Starting Socket activation for snappy daemon.
[[0;32m  OK  [0m] Started Ubuntu Advantage update messaging.
[[0;32m  OK  [0m] Started Daily apt download activities.
[   10.772207] cloud-init[960]: Your public key has been saved in /etc/ssh/ssh_host_rsa_key.pub.
[   10.773875] cloud-init[960]: The key fingerprint is:
[[0;32m  OK  [0m] Started Daily apt upgrade and clean activities.
[   10.775355] cloud-init[960]: SHA256:flOOg+XoRAn8BfhHw3wD1E24Ze6rgoOYEWwcU8kG+sQ root@ubuntu-xenial[[0;32m  OK  [0m] Started Daily Cleanup of Temporary Directories.
[[0;32m  OK  [0m] Listening on D-Bus System Message Bus Socket.
[[0;32m  OK  [0m] Listening on ACPID Listen Socket.

[   10.784208] cloud-init[960]: The key's randomart image is:
[   10.785048] cloud-init[960]: +---[RSA 2048]----+
[   10.785753] cloud-init[960]: |    .+.o.+oo +.  |
         Starting LXD - unix socket.
[   10.787065] cloud-init[960]: |   oo.=  .= = +  |
[[0;32m  OK  [0m] Started Message of the Day.
[   10.788669] cloud-init[960]: |  .oE+o. ..o *   |
[   10.789289] cloud-init[960]: |   o=  o.o. . .  |
[   10.789812] cloud-init[960]: |   ...  S.. ..   |
[[0;32m  OK  [0m] Reached target Timers.
[[0;32m  OK  [0m] Listening on UUID daemon activation socket.
[   10.791925] cloud-init[960]: |    .  o = +  .  |
[   10.792855] cloud-init[960]: |     + .=.* .  . |
[[0;32m  OK  [0m] Started ACPI Events Check.
[[0;32m  OK  [0m] Reached target Paths.
[[0;32m  OK  [0m] Reached target Network is Online.
[   10.794830] cloud-init[960]: |    o .oo..o  .  |
         Starting iSCSI initiator daemon (iscsid)...
[   10.797190] cloud-init[960]: |        .. ...   |
[   10.797775] cloud-init[960]: +----[SHA256]-----+
[[0;32m  OK  [0m] Reached target Cloud-config availability.
[[0;32m  OK  [0m] Listening on Socket activation for snappy daemon.
[[0;32m  OK  [0m] Listening on LXD - unix socket.
[[0;32m  OK  [0m] Reached target Sockets.
[[0;32m  OK  [0m] Reached target Basic System.
         Starting Virtualbox guest utils...
[   10.799576] cloud-init[960]: Generating public/private dsa key pair.
[   10.807718] cloud-init[960]: [[0;32m  OK  [0m] Started ACPI event daemon.
Your identification has been saved in /etc/ssh/ssh_host_dsa_key.         Starting LSB: Record successful boot for GRUB...
[[0;32m  OK  [0m] Started Regular background program processing daemon.
         Starting Snap Daemon...
[[0;32m  OK  [0m] Started Deferred execution scheduler.
         Starting Accounts Service...
         Starting /etc/rc.local Compatibility...
[[0;32m  OK  [0m
[   10.828733] cloud-init[960]: Your public key has been saved in /etc/ssh/ssh_host_dsa_key.pub.
[   10.829458] cloud-init[960]: The key fingerprint is:
[   10.830023] cloud-init[960]: SHA256:1SkLwK2/KtCMsEF0jxPZ+Cpw638zhWzPfbLXum/m53c root@ubuntu-xenial
[   10.831008] cloud-init[960]: The key's randomart image is:
[   10.831635] cloud-init[960]: +---[DSA 1024]----+] Started FUSE filesystem for LXC.
         Starting LXD - container startup/shutdown...
         Starting LSB: MD monitoring daemon...
         Starting Pollinate to seed the pseudo random number generator...
         Starting Login Service...
         Starting System Logging Service...
[[0;32m  OK  [0m] Started D-Bus System Message Bus.

[   10.881557] cloud-init[960]: |.. o+...         |
[   10.885187] cloud-init[960]: | ..o+....  . .   |
[   10.895387] cloud-init[960]: |.  o.. .. o o    |
[   10.899419] cloud-init[960]: |+ . ...  o o     |
[   10.900955] cloud-init[960]: |.= =.. oS .      |
[   10.903530] cloud-init[960]: |..+.o + o        |
[   10.912493] cloud-init[960]: | ... . + o   .   |
[   10.915375] cloud-init[960]: |  . . + + o o + E|
[[0;32m  OK  [0m] Started System Logging Service.
[[0;32m  OK  [0m] Started /etc/rc.local Compatibility.
[   10.922395] cloud-init[960]: |   ..o.+  .=oBoo+|
[   10.931216] cloud-init[960]: +----[SHA256]-----+[[0;32m  OK  [0m] Started iSCSI initiator daemon (iscsid).
         Starting Login to default iSCSI targets...
[[0;32m  OK  [0m] Started Login Service.
[[0;32m  OK  [0m] Started Unattended Upgrades Shutdown.

[   10.972054] cloud-init[960]: Generating public/private ecdsa key pair.
[[0;32m  OK  [0m] Started LSB: Record successful boot for GRUB.
[   10.981871] cloud-init[960]: Your identification has been saved in /etc/ssh/ssh_host_ecdsa_key.
[   10.985175] cloud-init[960]: Your public key has been saved in /etc/ssh/ssh_host_ecdsa_key.pub.
[   10.987868] cloud-init[960]: The key fingerprint is:
[   10.996686] cloud-init[960]: SHA256:mphN5tjb+3Dz7kpKV5C6g7ss4++03ONyxT4HA4X1MuA root@ubuntu-xenial
[   10.997795] cloud-init[960]: The key's randomart image is:
[   10.998503] cloud-init[960]: +---[ECDSA 256]---+
[   10.999309] cloud-init[960]: |        .o.      |
[   11.000107] cloud-init[960]: |       ....o     |
[   11.000872] cloud-init[960]: |        E.= .    |
[   11.001620] cloud-init[960]: |        .. +     |
[   11.002298] cloud-init[960]: |      o So  .    |
[   11.003018] cloud-init[960]: |     X + .=.     |
[   11.003732] cloud-init[960]: |    + O =o=o     |
[   11.004438] cloud-init[960]: |    o+.BoBoo.    |
[   11.005135] cloud-init[960]: |   ..=X=*+o*+    |
[   11.011661] cloud-init[960]: +----[SHA256]-----+
[   11.012283] cloud-init[960]: Generating public/private ed25519 key pair.
[   11.013097] cloud-init[960]: Your identification has been saved in /etc/ssh/ssh_host_ed25519_key.
[   11.014038] cloud-init[960]: Your public key has been saved in /etc/ssh/ssh_host_ed25519_key.pub.
[   11.015005] cloud-init[960]: The key fingerprint is:
[   11.015651] cloud-init[960]: SHA256:6DVyQrD1G6ZR6wLerrcMsyxeECvraSPeGxYcVgW5I2A root@ubuntu-xenial
[   11.016691] cloud-init[960]: The key's randomart image is:
[   11.017467] cloud-init[960]: +--[ED25519 256]--+
[   11.018247] cloud-init[960]: |    .o=..        |
[   11.018951] cloud-init[960]: | E  .= o .       |
[   11.020118] cloud-init[960]: |. ooo + =        |
[   11.020850] cloud-init[960]: |  o=.* * o       |
[   11.021618] cloud-init[960]: |. ooo O S        |
[   11.022371] cloud-init[960]: | o ..o * .       |
[   11.023105] cloud-init[960]: |.  o+ o          |
[   11.023897] cloud-init[960]: |oo=o.*.          |
[   11.024728] cloud-init[960]: |+=o+=.o.         |
[   11.025426] cloud-init[960]: +----[SHA256]-----+
[[0;32m  OK  [0m] Started Login to default iSCSI targets.
[[0;32m  OK  [0m] Reached target Remote File Systems (Pre).
[[0;32m  OK  [0m] Reached target Remote File Systems.
         Starting Permit User Sessions...
         Starting LSB: daemon to balance interrupts for SMP systems...
         Starting LSB: automatic crash report generation...
         Starting LSB: Set the CPU Frequency Scaling governor to "ondemand"...
         Starting Authenticate and Authorize Users to Run Privileged Tasks...
[[0;32m  OK  [0m] Started LSB: MD monitoring daemon.
[[0;32m  OK  [0m] Started Permit User Sessions.
         Starting Hold until boot process finishes up...
         Starting Terminate Plymouth Boot Screen...
[[0;32m  OK  [0m] Started Hold until boot process finishes up.
         Starting Set console scheme...
[[0;32m  OK  [0m] Started Serial Getty on ttyS0.
[[0;32m  OK  [0m] Started Getty on tty1.
[[0;32m  OK  [0m] Reached target Login Prompts.
[[0;32m  OK  [0m] Started Set console scheme.
[[0;32m  OK  [0m] Started Terminate Plymouth Boot Screen.
[[0;32m  OK  [0m] Started LXD - container startup/shutdown.
[[0;32m  OK  [0m] Started LSB: Set the CPU Frequency Scaling governor to "ondemand".
[[0;32m  OK  [0m] Started Authenticate and Authorize Users to Run Privileged Tasks.
[[0;32m  OK  [0m] Started Accounts Service.
[[0;32m  OK  [0m] Started LSB: daemon to balance interrupts for SMP systems.
[[0;32m  OK  [0m] Started LSB: automatic crash report generation.
[[0;32m  OK  [0m] Started Virtualbox guest utils.
[[0;32m  OK  [0m] Started Snap Daemon.
         Starting Wait until snapd is fully seeded...
[[0;32m  OK  [0m] Started Pollinate to seed the pseudo random number generator.
         Starting OpenBSD Secure Shell server...
[[0;32m  OK  [0m] Started OpenBSD Secure Shell server.
[[0;32m  OK  [0m] Created slice User Slice of vagrant.
         Starting User Manager for UID 1000...
[[0;32m  OK  [0m] Started Session 1 of user vagrant.
[[0;32m  OK  [0m] Started User Manager for UID 1000.

Ubuntu 16.04.7 LTS ubuntu-xenial ttyS0

ubuntu-xenial login: [   18.233267] cloud-init[1602]: Generating locales (this might take a while)...
[   18.947080] cloud-init[1602]:   en_US.UTF-8... done
[   18.949066] cloud-init[1602]: Generation complete.
[   19.208153] cloud-init[1602]: Cloud-init v. 21.1-19-gbad84ad4-0ubuntu1~16.04.2 running 'modules:config' at Fri, 15 Sep 2023 10:46:05 +0000. Up 18.14 seconds.
ci-info: no authorized SSH keys fingerprints found for user ubuntu.
<14>Sep 15 10:46:06 ec2: 
<14>Sep 15 10:46:06 ec2: #############################################################
<14>Sep 15 10:46:06 ec2: -----BEGIN SSH HOST KEY FINGERPRINTS-----
<14>Sep 15 10:46:06 ec2: 1024 SHA256:1SkLwK2/KtCMsEF0jxPZ+Cpw638zhWzPfbLXum/m53c root@ubuntu-xenial (DSA)
<14>Sep 15 10:46:06 ec2: 256 SHA256:mphN5tjb+3Dz7kpKV5C6g7ss4++03ONyxT4HA4X1MuA root@ubuntu-xenial (ECDSA)
<14>Sep 15 10:46:06 ec2: 256 SHA256:6DVyQrD1G6ZR6wLerrcMsyxeECvraSPeGxYcVgW5I2A root@ubuntu-xenial (ED25519)
<14>Sep 15 10:46:06 ec2: 2048 SHA256:flOOg+XoRAn8BfhHw3wD1E24Ze6rgoOYEWwcU8kG+sQ root@ubuntu-xenial (RSA)
<14>Sep 15 10:46:06 ec2: -----END SSH HOST KEY FINGERPRINTS-----
<14>Sep 15 10:46:06 ec2: #############################################################
-----BEGIN SSH HOST KEY KEYS-----
ecdsa-sha2-nistp256 AAAAE2VjZHNhLXNoYTItbmlzdHAyNTYAAAAIbmlzdHAyNTYAAABBBLH+BkErt2jyDBSf0RLnedONbL3kNp3+y14a/sTdcYEL2FCWpc+Xdz8bGcT1jlirLQxnxEMcCLdeSoIxHGr+AcU= root@ubuntu-xenial
ssh-ed25519 AAAAC3NzaC1lZDI1NTE5AAAAIKGVYiEnEU5vAweBxi+dPSoV5DlIedZwPBkvIYcPlAGD root@ubuntu-xenial
ssh-rsa AAAAB3NzaC1yc2EAAAADAQABAAABAQDDO7kvHykyORZ0oxjhTkBJdwZqjugkzsi+jDz7Rk6DhZrcj4cHmVKzWmLejfd/6ujMMnJWXMMmzI9JH5RuIQkOXzD0RPEIzrE84OdfpIADwnV+RlOIzb+St2TQiRullzJtFOsUMrFO7itcJURgyGgDQu6mk+Qydg2QVxh8s2D3L5KYixE9JnGVReknapu83PbP6uqv2eJWVeULXi0yfJRUkJof1F8qO319hfv/c2C85/WBShnxb4wipA2KKS9qyOHW+vhK9mw+BV48SPPCoLDafgwYiveueKngWGK2nR1iQPV0CZFzmHdgJoUcxlbjdpb7rfO27pLGJrn29mAst0En root@ubuntu-xenial
-----END SSH HOST KEY KEYS-----
[   19.660920] cloud-init[1729]: Cloud-init v. 21.1-19-gbad84ad4-0ubuntu1~16.04.2 running 'modules:final' at Fri, 15 Sep 2023 10:46:06 +0000. Up 19.51 seconds.
[   19.663788] cloud-init[1729]: ci-info: no authorized SSH keys fingerprints found for user ubuntu.
[   19.665605] cloud-init[1729]: Cloud-init v. 21.1-19-gbad84ad4-0ubuntu1~16.04.2 finished at Fri, 15 Sep 2023 10:46:06 +0000. Datasource DataSourceNoCloud [seed=/dev/sdb][dsmode=net].  Up 19.65 seconds
